// Jest Snapshot v1, https://goo.gl/fbAQLP

exports[`Pruebas en <GifItem /> should match to snapshot 1`] = `
<div>
  <div
    class="card"
  >
    <img
      alt="test title"
      data-testid="test-img"
      src="testurl"
    />
    <p>
      test title
    </p>
  </div>
</div>
`;
